sprite_A   yingyue_A_calm                 41.7s
sprite_A   yingyue_A_smile                39.5s
sprite_A   yingyue_A_angry                35.7s
sprite_A   yingyue_A_sad                  30.8s
sprite_A   yingyue_A_surprised            33.1s
sprite_B   yingyue_B_smile                40.9s
sprite_B   yingyue_B_angry                32.8s
sprite_B   yingyue_B_sad                  34.9s
sprite_B   yingyue_B_surprised            35.5s
sprite_C   yingyue_C_face_smile           36.8s
sprite_C   yingyue_C_face_angry           36.5s
sprite_C   yingyue_C_face_sad             36.2s
sprite_C   yingyue_C_face_surprised       37.6s
sprite_A   shenyan_A_calm                 32.3s
sprite_A   shenyan_A_smile                31.6s
sprite_A   shenyan_A_angry                35.4s
sprite_A   shenyan_A_sad                  33.2s
sprite_A   shenyan_A_surprised            41.4s
sprite_B   shenyan_B_smile                36.4s
sprite_B   shenyan_B_angry                37.6s
sprite_B   shenyan_B_sad                  38.4s
sprite_B   shenyan_B_surprised            33.3s
sprite_C   shenyan_C_face_smile           39.2s
sprite_C   shenyan_C_face_angry           42.1s
sprite_C   shenyan_C_face_sad             41.6s
sprite_C   shenyan_C_face_surprised       33.7s
background bg_archive                     55.2s
background bg_harbor                      45.9s
background bg_clockshop                   40.7s
